Component: Arm Compiler for Embedded 6.19 Tool: armlink [5e73cb00]

==============================================================================

Section Cross References

    simple_startup.o(mySection1) refers to simple_startup.o(mySection2) for myResetHandler
    simple_startup.o(mySection2) refers to main.o(mySection3) for myApplication


==============================================================================

Image Symbol Table

    Local Symbols

    Symbol Name                              Value     Ov Type        Size  Object(Section)

    main.s                                   0x00000000   Number         0  main.o ABSOLUTE
    simple_startup.s                         0x00000000   Number         0  simple_startup.o ABSOLUTE
    mySection1                               0x08000000   Section        8  simple_startup.o(mySection1)
    myResetHandler                           0x08000009   Thumb Code     0  simple_startup.o(mySection2)
    mySection2                               0x08000008   Section        4  simple_startup.o(mySection2)
    mySection3                               0x0800000c   Section     1044  main.o(mySection3)
    SinTable                                 0x08000340   Data           0  main.o(mySection3)

    Global Symbols

    Symbol Name                              Value     Ov Type        Size  Object(Section)

    BuildAttributes$$THM_ISAv4$P$D$K$B$S$A:L22UL41UL21$X:L11$S22US41US21$IEEE1$~IW$USESV6$~STKCKD$USESV7$~SHL$OSPACE$EBA8$MICROLIB$PRES8$EABIv2 0x00000000   Number         0  anon$$obj.o ABSOLUTE
    myApplication                            0x0800000d   Thumb Code     0  main.o(mySection3)



==============================================================================

Memory Map of the image

  Image Entry point : 0x08000009

  Load Region LR_IROM1 (Base: 0x08000000, Size: 0x00000420, Max: 0x00010000, ABSOLUTE)

    Execution Region ER_IROM1 (Exec base: 0x08000000, Load base: 0x08000000, Size: 0x00000420, Max: 0x00010000, ABSOLUTE)

    Exec Addr    Load Addr    Size         Type   Attr      Idx    E Section Name        Object

    0x08000000   0x08000000   0x00000008   Data   RO            6    mySection1          simple_startup.o
    0x08000008   0x08000008   0x00000004   Code   RO            7  * mySection2          simple_startup.o
    0x0800000c   0x0800000c   0x00000414   Code   RO            1    mySection3          main.o


    Execution Region RW_IRAM1 (Exec base: 0x20000000, Load base: 0x08000420, Size: 0x00000000, Max: 0x00005000, ABSOLUTE)

    **** No section assigned to this execution region ****


==============================================================================

Image component sizes


      Code (inc. data)   RO Data    RW Data    ZI Data      Debug   Object Name

      1044        740          0          0          0        312   main.o
         4          0          8          0          0        196   simple_startup.o

    ----------------------------------------------------------------------
      1048        740          8          0          0        508   Object Totals
         0          0          0          0          0          0   (incl. Generated)
         0          0          0          0          0          0   (incl. Padding)

    ----------------------------------------------------------------------
         0          0          0          0          0          0   Library Totals
         0          0          0          0          0          0   (incl. Padding)

    ----------------------------------------------------------------------

==============================================================================


      Code (inc. data)   RO Data    RW Data    ZI Data      Debug   

      1048        740          8          0          0        508   Grand Totals
      1048        740          8          0          0        508   ELF Image Totals
      1048        740          8          0          0          0   ROM Totals

==============================================================================

    Total RO  Size (Code + RO Data)                 1056 (   1.03kB)
    Total RW  Size (RW Data + ZI Data)                 0 (   0.00kB)
    Total ROM Size (Code + RO Data + RW Data)       1056 (   1.03kB)

==============================================================================

